// Jest Snapshot v1, https://goo.gl/fbAQLP

exports[`<AccountNumber /> should render correctly 1`] = `
<span>
  Test Test
</span>
`;
