// Jest Snapshot v1, https://goo.gl/fbAQLP

exports[`<App /> should render correctly 1`] = `
<article>
  <h1>
    Page not found.
  </h1>
</article>
`;
