// Jest Snapshot v1, https://goo.gl/fbAQLP

exports[`<ProductList /> should render correctly when a product list with a single item is passed 1`] = `"Interuptable Air Conditioning"`;

exports[`<ProductList /> should render correctly when a product list with multiple items is passed 1`] = `
Array [
  "Interuptable Air Conditioning",
  ", ",
  "Residential Gas Heating",
  ", ",
  "Residential Electric Service",
]
`;

exports[`<ProductList /> should render correctly when product list is empty 1`] = `null`;
