// Jest Snapshot v1, https://goo.gl/fbAQLP

exports[`<OrderNumber /> should render correctly when given a valid value 1`] = `
<span>
  1122 3344 556 6
</span>
`;
